// Jest Snapshot v1, https://goo.gl/fbAQLP

exports[`renders DetailsPage component 1`] = `
<DocumentFragment>
  <div
    class="text-center"
  >
    Country not found
  </div>
</DocumentFragment>
`;
